22:09:02 **** Incremental Build of configuration Debug for project mpu6500_test ****
make -j4 all 
arm-none-eabi-gcc "../Core/Src/main.c" -mcpu=cortex-m4 -std=gnu11 -g3 -DDEBUG -DUSE_HAL_DRIVER -DSTM32F411xE -c -I../Core/Inc -I../Drivers/STM32F4xx_HAL_Driver/Inc -I../Drivers/STM32F4xx_HAL_Driver/Inc/Legacy -I../Drivers/CMSIS/Device/ST/STM32F4xx/Include -I../Drivers/CMSIS/Include -O0 -ffunction-sections -fdata-sections -Wall -fstack-usage -fcyclomatic-complexity -MMD -MP -MF"Core/Src/main.d" -MT"Core/Src/main.o" --specs=nano.specs -mfpu=fpv4-sp-d16 -mfloat-abi=hard -mthumb -o "Core/Src/main.o"
arm-none-eabi-gcc -o "mpu6500_test.elf" @"objects.list"   -mcpu=cortex-m4 -T"D:\stm32_drone_project\driver-test\mpu6500_test\STM32F411RETX_FLASH.ld" --specs=nosys.specs -Wl,-Map="mpu6500_test.map" -Wl,--gc-sections -static --specs=nano.specs -mfpu=fpv4-sp-d16 -mfloat-abi=hard -mthumb -u _printf_float -Wl,--start-group -lc -lm -Wl,--end-group
Finished building target: mpu6500_test.elf
 
arm-none-eabi-size  mpu6500_test.elf 
arm-none-eabi-objdump -h -S mpu6500_test.elf  > "mpu6500_test.list"
   text	   data	    bss	    dec	    hex	filename
  39604	    468	   2220	  42292	   a534	mpu6500_test.elf
Finished building: default.size.stdout
 
Finished building: mpu6500_test.list
 

22:09:04 Build Finished. 0 errors, 0 warnings. (took 1s.354ms)

